// Jest Snapshot v1, https://goo.gl/fbAQLP

exports[`BadgeCategory renders correctly with a valid type 1`] = `
<div>
  <div
    class="text-black-mode1 flex cursor-pointer items-center justify-between gap-1 rounded-[10px] px-2.5 py-1 text-xs"
    style="background-color: rgb(255, 0, 0);"
  >
    <svg
      data-testid="icon-type1"
    />
    <span>
      Type 1
    </span>
  </div>
</div>
`;
