// Jest Snapshot v1, https://goo.gl/fbAQLP

exports[`MenuDropdown renders correctly with a selected item 1`] = `
<DocumentFragment>
  <div
    class="relative"
  >
    <div
      class="px-2.5 py-1"
    >
      <div />
    </div>
    <div
      class="absolute top-0 left-0 flex max-h-[154px] flex-col z-5 bg-grey400-mode1 rounded-lg border-1 border-grey100-mode1 hover:border-primary400-mode1 px-2.5 py-1"
    >
      <div />
    </div>
  </div>
</DocumentFragment>
`;

exports[`MenuDropdown renders correctly with default props 1`] = `
<DocumentFragment>
  <div
    class="relative"
  >
    <div
      class="px-2.5 py-1"
    >
      <div />
    </div>
    <div
      class="absolute top-0 left-0 flex max-h-[154px] flex-col z-5 bg-grey400-mode1 rounded-lg border-1 border-grey100-mode1 hover:border-primary400-mode1 px-2.5 py-1"
    >
      <div />
    </div>
  </div>
</DocumentFragment>
`;
