// Jest Snapshot v1, https://goo.gl/fbAQLP

exports[`ButtonCreate Component calls onClick when clicked 1`] = `
<div>
  <button
    class="bg-primary400-mode1 text-black-mode1 border-grey100-mode1 flex cursor-pointer items-center justify-between gap-2 rounded-[10px] border p-2 font-semibold "
    type="button"
  >
    <div />
    Click Me
    <div />
  </button>
</div>
`;
